// Jest Snapshot v1, https://goo.gl/fbAQLP

exports[`<Card /> renders without crashing 1`] = `
<div
  className="Card"
>
  <button
    type="delete"
  >
    delete
  </button>
  <h3 />
  <p />
</div>
`;
