// Jest Snapshot v1, https://goo.gl/fbAQLP

exports[`<List /> renders without crashing 1`] = `
<section
  className="List"
>
  <header
    className="List-header"
  >
    <h2 />
  </header>
  <div
    className="List-cards"
  >
    <div
      className="Card"
    >
      <button
        type="delete"
      >
        delete
      </button>
      <h3 />
      <p />
    </div>
    <div
      className="Card"
    >
      <button
        type="delete"
      >
        delete
      </button>
      <h3 />
      <p />
    </div>
    <div
      className="Card"
    >
      <button
        type="delete"
      >
        delete
      </button>
      <h3 />
      <p />
    </div>
    <div
      className="Card"
    >
      <button
        type="delete"
      >
        delete
      </button>
      <h3 />
      <p />
    </div>
    <button
      className="List-add-button"
      type="button"
    >
      + Add Random Card
    </button>
  </div>
</section>
`;
